// Jest Snapshot v1, https://goo.gl/fbAQLP

exports[`format idin protocol it works correctly 1`] = `"<?xml version=\\"1.0\\" encoding=\\"UTF-8\\"?><x><Signature xmlns=\\"http://www.w3.org/2000/09/xmldsig#\\"><SignedInfo><CanonicalizationMethod Algorithm=\\"http://www.w3.org/2001/10/xml-exc-c14n#\\"/><SignatureMethod Algorithm=\\"http://www.w3.org/2001/04/xmldsig-more#rsa-sha256\\"/><Reference URI=\\"\\"><Transforms><Transform Algorithm=\\"http://www.w3.org/2000/09/xmldsig#enveloped-signature\\"/><Transform Algorithm=\\"http://www.w3.org/2001/10/xml-exc-c14n#\\"/></Transforms><DigestMethod Algorithm=\\"http://www.w3.org/2001/04/xmlenc#sha256\\"/><DigestValue>9hy1oK7rXCJu4rTqLZ7cGUH3rPyGm4QllC8VRv6mX60=</DigestValue></Reference></SignedInfo><SignatureValue>XIxFrdB1chFmnVt8/umPcLFgUnojCfIe5Er4McVq7fuo0K8jMsg7vKZ+ZRusaALHn8FnEVREm5xemfkvfiQLmLV5iqCESZbKrdxTnfLRsB3JLDKBb3q+BYNbL1RoHOhPa8FxeMtmPMJWd5HnNGXyxkprjr7ZHkZ4KG9MuW0klNbJEjEnL38ikcUHepI5SPOym6Tk4r+VDOwgieX0ynEMF/7bRas5yH5kCk2q7mBQV6xL2apQ+JYO3TsZeu+VAHK43lgBF02iPnO5NE7sCym9CX/DMb9U4pljgwVWvU6Dps5RaWPayib1cOXX8LjULuClsikG3IqETgqb0csKMInotQ==</SignatureValue><KeyInfo><KeyName>8c6415e72e553d2a9bda7afc9fcc0a5ec5d82841</KeyName></KeyInfo></Signature></x>"`;

exports[`format idin protocol it works correctly 2`] = `"<?xml version=\\"1.0\\" encoding=\\"UTF-8\\"?><x><Signature xmlns=\\"http://www.w3.org/2000/09/xmldsig#\\"><SignedInfo><CanonicalizationMethod Algorithm=\\"http://www.w3.org/2001/10/xml-exc-c14n#\\"/><SignatureMethod Algorithm=\\"http://www.w3.org/2001/04/xmldsig-more#rsa-sha256\\"/><Reference URI=\\"\\"><Transforms><Transform Algorithm=\\"http://www.w3.org/2000/09/xmldsig#enveloped-signature\\"/><Transform Algorithm=\\"http://www.w3.org/2001/10/xml-exc-c14n#\\"/></Transforms><DigestMethod Algorithm=\\"http://www.w3.org/2001/04/xmlenc#sha256\\"/><DigestValue>9hy1oK7rXCJu4rTqLZ7cGUH3rPyGm4QllC8VRv6mX60=</DigestValue></Reference></SignedInfo><SignatureValue>XIxFrdB1chFmnVt8/umPcLFgUnojCfIe5Er4McVq7fuo0K8jMsg7vKZ+ZRusaALHn8FnEVREm5xemfkvfiQLmLV5iqCESZbKrdxTnfLRsB3JLDKBb3q+BYNbL1RoHOhPa8FxeMtmPMJWd5HnNGXyxkprjr7ZHkZ4KG9MuW0klNbJEjEnL38ikcUHepI5SPOym6Tk4r+VDOwgieX0ynEMF/7bRas5yH5kCk2q7mBQV6xL2apQ+JYO3TsZeu+VAHK43lgBF02iPnO5NE7sCym9CX/DMb9U4pljgwVWvU6Dps5RaWPayib1cOXX8LjULuClsikG3IqETgqb0csKMInotQ==</SignatureValue><KeyInfo><KeyName>8c6415e72e553d2a9bda7afc9fcc0a5ec5d82841</KeyName></KeyInfo></Signature></x>"`;
